2018-12-07 10:27:07,307 - mylogger - INFO - begin
